Script started on 2026-08-29 15:21:05+00:00 [COMMAND="experiments/gpu_native_reformulation/native_u0/build_recovery.sh r1" <not executed on terminal>]
ptxas info    : 0 bytes gmem
ptxas info    : Compiling entry function '_ZN33_GLOBAL__N__19306d33_5_u0_cu_main13update_kernelENS_11DeviceStateEPKfS2_fPf' for 'sm_120'
ptxas info    : Function properties for _ZN33_GLOBAL__N__19306d33_5_u0_cu_main13update_kernelENS_11DeviceStateEPKfS2_fPf
    0 bytes stack frame, 0 bytes spill stores, 0 bytes spill loads
ptxas info    : Used 40 registers, used 0 barriers
ptxas info    : Compile time = 27.869 ms
ptxas info    : Compiling entry function '_ZN33_GLOBAL__N__19306d33_5_u0_cu_main11face_kernelENS_11DeviceStateEPf' for 'sm_120'
ptxas info    : Function properties for _ZN33_GLOBAL__N__19306d33_5_u0_cu_main11face_kernelENS_11DeviceStateEPf
    0 bytes stack frame, 0 bytes spill stores, 0 bytes spill loads
ptxas info    : Used 94 registers, used 0 barriers
ptxas info    : Compile time = 122.982 ms
ptxas info    : Compiling entry function '_ZN33_GLOBAL__N__19306d33_5_u0_cu_main17finish_cfl_kernelEPf' for 'sm_120'
ptxas info    : Function properties for _ZN33_GLOBAL__N__19306d33_5_u0_cu_main17finish_cfl_kernelEPf
    0 bytes stack frame, 0 bytes spill stores, 0 bytes spill loads
ptxas info    : Used 14 registers, used 0 barriers
ptxas info    : Compile time = 2.728 ms
ptxas info    : Compiling entry function '_ZN33_GLOBAL__N__19306d33_5_u0_cu_main10cfl_kernelENS_11DeviceStateEfPf' for 'sm_120'
ptxas info    : Function properties for _ZN33_GLOBAL__N__19306d33_5_u0_cu_main10cfl_kernelENS_11DeviceStateEfPf
    0 bytes stack frame, 0 bytes spill stores, 0 bytes spill loads
ptxas info    : Used 35 registers, used 1 barriers
ptxas info    : Compile time = 9.631 ms
/mnt/projects/gradflow/experiments/gpu_native_reformulation/native_u0/build/gradflow_r1

Script done on 2026-08-29 15:21:07+00:00 [COMMAND_EXIT_CODE="0"]
