Script started on 2026-08-29 15:21:05+00:00 [COMMAND="experiments/gpu_native_reformulation/native_u0/build_recovery.sh r2" <not executed on terminal>]
/mnt/projects/gradflow/experiments/gpu_native_reformulation/native_u0/u0.cu(157): warning #550-D: variable "density" was set but never used
    float density[6];
          ^

Remark: The warnings can be suppressed with "-diag-suppress <warning-number>"

ptxas info    : 0 bytes gmem
ptxas info    : Compiling entry function '_ZN33_GLOBAL__N__19306d33_5_u0_cu_main13update_kernelENS_11DeviceStateEPKfS2_fPf' for 'sm_120'
ptxas info    : Function properties for _ZN33_GLOBAL__N__19306d33_5_u0_cu_main13update_kernelENS_11DeviceStateEPKfS2_fPf
    0 bytes stack frame, 0 bytes spill stores, 0 bytes spill loads
ptxas info    : Used 40 registers, used 0 barriers
ptxas info    : Compile time = 14.260 ms
ptxas info    : Compiling entry function '_ZN33_GLOBAL__N__19306d33_5_u0_cu_main11face_kernelENS_11DeviceStateEPf' for 'sm_120'
ptxas info    : Function properties for _ZN33_GLOBAL__N__19306d33_5_u0_cu_main11face_kernelENS_11DeviceStateEPf
    0 bytes stack frame, 0 bytes spill stores, 0 bytes spill loads
ptxas info    : Used 96 registers, used 0 barriers
ptxas info    : Compile time = 193.323 ms
ptxas info    : Compiling entry function '_ZN33_GLOBAL__N__19306d33_5_u0_cu_main17finish_cfl_kernelEPf' for 'sm_120'
ptxas info    : Function properties for _ZN33_GLOBAL__N__19306d33_5_u0_cu_main17finish_cfl_kernelEPf
    0 bytes stack frame, 0 bytes spill stores, 0 bytes spill loads
ptxas info    : Used 14 registers, used 0 barriers
ptxas info    : Compile time = 2.830 ms
ptxas info    : Compiling entry function '_ZN33_GLOBAL__N__19306d33_5_u0_cu_main10cfl_kernelENS_11DeviceStateEfPf' for 'sm_120'
ptxas info    : Function properties for _ZN33_GLOBAL__N__19306d33_5_u0_cu_main10cfl_kernelENS_11DeviceStateEfPf
    0 bytes stack frame, 0 bytes spill stores, 0 bytes spill loads
ptxas info    : Used 35 registers, used 1 barriers
ptxas info    : Compile time = 9.317 ms
/mnt/projects/gradflow/experiments/gpu_native_reformulation/native_u0/build/gradflow_r2

Script done on 2026-08-29 15:21:07+00:00 [COMMAND_EXIT_CODE="0"]
