Script started on 2026-08-29 15:29:25+00:00 [COMMAND="experiments/gpu_native_reformulation/native_u0/build_recovery.sh r5" <not executed on terminal>]
/mnt/projects/gradflow/experiments/gpu_native_reformulation/native_u0/u0.cu(264): warning #550-D: variable "density" was set but never used
    float density[6];
          ^

Remark: The warnings can be suppressed with "-diag-suppress <warning-number>"

ptxas info    : 0 bytes gmem
ptxas info    : Compiling entry function '_ZN33_GLOBAL__N__19306d33_5_u0_cu_main13update_kernelENS_11DeviceStateES0_PKfS2_fPfi' for 'sm_120'
ptxas info    : Function properties for _ZN33_GLOBAL__N__19306d33_5_u0_cu_main13update_kernelENS_11DeviceStateES0_PKfS2_fPfi
    0 bytes stack frame, 0 bytes spill stores, 0 bytes spill loads
ptxas info    : Used 40 registers, used 0 barriers
ptxas info    : Compile time = 37.520 ms
ptxas info    : Compiling entry function '_ZN33_GLOBAL__N__19306d33_5_u0_cu_main11face_kernelENS_11DeviceStateEPKfPf' for 'sm_120'
ptxas info    : Function properties for _ZN33_GLOBAL__N__19306d33_5_u0_cu_main11face_kernelENS_11DeviceStateEPKfPf
    0 bytes stack frame, 0 bytes spill stores, 0 bytes spill loads
ptxas info    : Used 128 registers, used 0 barriers
ptxas info    : Compile time = 282.910 ms
ptxas info    : Compiling entry function '_ZN33_GLOBAL__N__19306d33_5_u0_cu_main12alpha_kernelENS_11DeviceStateEiPf' for 'sm_120'
ptxas info    : Function properties for _ZN33_GLOBAL__N__19306d33_5_u0_cu_main12alpha_kernelENS_11DeviceStateEiPf
    0 bytes stack frame, 0 bytes spill stores, 0 bytes spill loads
ptxas info    : Used 36 registers, used 1 barriers
ptxas info    : Compile time = 10.611 ms
ptxas info    : Compiling entry function '_ZN33_GLOBAL__N__19306d33_5_u0_cu_main17finish_cfl_kernelEPf' for 'sm_120'
ptxas info    : Function properties for _ZN33_GLOBAL__N__19306d33_5_u0_cu_main17finish_cfl_kernelEPf
    0 bytes stack frame, 0 bytes spill stores, 0 bytes spill loads
ptxas info    : Used 14 registers, used 0 barriers
ptxas info    : Compile time = 2.564 ms
ptxas info    : Compiling entry function '_ZN33_GLOBAL__N__19306d33_5_u0_cu_main10cfl_kernelENS_11DeviceStateEfPf' for 'sm_120'
ptxas info    : Function properties for _ZN33_GLOBAL__N__19306d33_5_u0_cu_main10cfl_kernelENS_11DeviceStateEfPf
    0 bytes stack frame, 0 bytes spill stores, 0 bytes spill loads
ptxas info    : Used 35 registers, used 1 barriers
ptxas info    : Compile time = 9.535 ms
/mnt/projects/gradflow/experiments/gpu_native_reformulation/native_u0/build/gradflow_r5

Script done on 2026-08-29 15:29:27+00:00 [COMMAND_EXIT_CODE="0"]
