==PROF== Connected to process 439513 (/mnt/projects/gradflow/experiments/gpu_native_reformulation/native_u0/build/gradflow_p1)
==PROF== Profiling "cfl_kernel" - 0: 0%....50%....100% - 9 passes
==PROF== Profiling "finish_cfl_kernel" - 1: 0%....50%....100% - 9 passes
==PROF== Profiling "alpha_kernel" - 2: 0%....50%....100% - 9 passes
==PROF== Profiling "pencil_kernel" - 3: 0%....50%....100% - 9 passes
==PROF== Profiling "alpha_kernel" - 4: 0%....50%....100% - 9 passes
==PROF== Profiling "pencil_kernel" - 5: 0%....50%....100% - 9 passes
==PROF== Profiling "alpha_kernel" - 6: 0%....50%....100% - 9 passes
==PROF== Profiling "pencil_kernel" - 7: 0%....50%....100% - 9 passes
==PROF== Profiling "alpha_kernel" - 8: 0%....50%....100% - 9 passes
==PROF== Profiling "pencil_kernel" - 9: 0%....50%....100% - 9 passes
==PROF== Profiling "alpha_kernel" - 10: 0%....50%....100% - 9 passes
==PROF== Profiling "pencil_kernel" - 11: 0%....50%....100% - 9 passes
==PROF== Profiling "alpha_kernel" - 12: 0%....50%....100% - 9 passes
==PROF== Profiling "pencil_kernel" - 13: 0%....50%....100% - 9 passes
==PROF== Profiling "alpha_kernel" - 14: 0%....50%....100% - 9 passes
==PROF== Profiling "pencil_kernel" - 15: 0%....50%....100% - 9 passes
==PROF== Profiling "alpha_kernel" - 16: 0%....50%....100% - 9 passes
==PROF== Profiling "pencil_kernel" - 17: 0%....50%....100% - 9 passes
==PROF== Profiling "alpha_kernel" - 18: 0%....50%....100% - 9 passes
==PROF== Profiling "pencil_kernel" - 19: 0%....50%....100% - 9 passes
==PROF== Disconnected from process 439513
==PROF== Report: /tmp/gradflow_g5_ncu_p1_n128_s1.ncu-rep
