==PROF== Connected to process 738213 (/mnt/projects/gradflow/experiments/gpu_native_reformulation/g6_occupancy/build/gradflow_g6_b256_r112)
==PROF== Profiling "cfl_kernel" - 0: 0%....50%....100% - 9 passes
==PROF== Profiling "finish_cfl_kernel" - 1: 0%....50%....100% - 9 passes
==PROF== Profiling "alpha_kernel" - 2: 0%....50%....100% - 9 passes
==PROF== Profiling "alpha_kernel" - 3: 0%....50%....100% - 9 passes
==PROF== Profiling "alpha_kernel" - 4: 0%....50%....100% - 9 passes
==PROF== Profiling "face_kernel" - 5: 0%....50%....100% - 9 passes
==PROF== Profiling "update_kernel" - 6: 0%....50%....100% - 9 passes
==PROF== Profiling "alpha_kernel" - 7: 0%....50%....100% - 9 passes
==PROF== Profiling "alpha_kernel" - 8: 0%....50%....100% - 9 passes
==PROF== Profiling "alpha_kernel" - 9: 0%....50%....100% - 9 passes
==PROF== Profiling "face_kernel" - 10: 0%....50%....100% - 9 passes
==PROF== Profiling "update_kernel" - 11: 0%....50%....100% - 9 passes
==PROF== Profiling "alpha_kernel" - 12: 0%....50%....100% - 9 passes
==PROF== Profiling "alpha_kernel" - 13: 0%....50%....100% - 9 passes
==PROF== Profiling "alpha_kernel" - 14: 0%....50%....100% - 9 passes
==PROF== Profiling "face_kernel" - 15: 0%....50%....100% - 9 passes
==PROF== Profiling "update_kernel" - 16: 0%....50%....100% - 9 passes
==PROF== Disconnected from process 738213
==PROF== Report: /tmp/gradflow_g6_ncu_b256_r112_n128_s1.ncu-rep
