==PROF== Connected to process 737999 (/mnt/projects/gradflow/experiments/gpu_native_reformulation/evidence/g5_shared_pencil_20260829/gradflow_r6q)
==PROF== Profiling "cfl_kernel" - 0: 0%....50%....100% - 9 passes
==PROF== Profiling "finish_cfl_kernel" - 1: 0%....50%....100% - 9 passes
==PROF== Profiling "alpha_kernel" - 2: 0%....50%....100% - 9 passes
==PROF== Profiling "alpha_kernel" - 3: 0%....50%....100% - 9 passes
==PROF== Profiling "alpha_kernel" - 4: 0%....50%....100% - 9 passes
==PROF== Profiling "face_kernel" - 5: 0%....50%....100% - 9 passes
==PROF== Profiling "update_kernel" - 6: 0%....50%....100% - 9 passes
==PROF== Profiling "alpha_kernel" - 7: 0%....50%....100% - 9 passes
==PROF== Profiling "alpha_kernel" - 8: 0%....50%....100% - 9 passes
==PROF== Profiling "alpha_kernel" - 9: 0%....50%....100% - 9 passes
==PROF== Profiling "face_kernel" - 10: 0%....50%....100% - 9 passes
==PROF== Profiling "update_kernel" - 11: 0%....50%....100% - 9 passes
==PROF== Profiling "alpha_kernel" - 12: 0%....50%....100% - 9 passes
==PROF== Profiling "alpha_kernel" - 13: 0%....50%....100% - 9 passes
==PROF== Profiling "alpha_kernel" - 14: 0%....50%....100% - 9 passes
==PROF== Profiling "face_kernel" - 15: 0%....50%....100% - 9 passes
==PROF== Profiling "update_kernel" - 16: 0%....50%....100% - 9 passes
==PROF== Disconnected from process 737999
==PROF== Report: /tmp/gradflow_g6_ncu_frozen_r6q_n128_s1.ncu-rep
