
 Using CUDA device: 0 NVIDIA GeForce RTX 5070 Ti
-----------------------------------------
 MPI partition and reading input file time: 0.000000
 -----------------------------------------
[1;32mOpenSBLI is starting from the initial condition.
[0mU4C_SAMPLE 0.010239999741315842
U4C_SAMPLE 0.010239999741315842
U4C_SAMPLE 0.010239999741315842
U4C_SAMPLE 0.010239999741315842
U4C_SAMPLE 0.010239999741315842
U4C_SAMPLE 0.010239999741315842
U4C_SAMPLE 0.010239999741315842
U4C_SAMPLE 0.010239999741315842
U4C_SAMPLE 0.0099520003423094749
U4C_SAMPLE 0.010239999741315842
U4C_SAMPLE 0.010239999741315842
U4C_SAMPLE 0.010239999741315842
U4C_SAMPLE 0.010239999741315842
U4C_SAMPLE 0.010239999741315842
U4C_SAMPLE 0.010239999741315842
U4C_SAMPLE 0.010239999741315842
U4C_SAMPLE 0.010239999741315842
U4C_SAMPLE 0.010239999741315842
U4C_SAMPLE 0.010239999741315842
U4C_SAMPLE 0.010239999741315842
U4C_CHECKSUM -1.6143530956469476e-11
