-----------------------------------------
 MPI partition and reading input file time: 0.000000
 -----------------------------------------
[1;32mOpenSBLI is starting from the initial condition.
[0mU4C_SAMPLE 0.080699000000000007
U4C_SAMPLE 0.080850000000000005
U4C_SAMPLE 0.080569000000000002
U4C_SAMPLE 0.080769999999999995
U4C_SAMPLE 0.080398999999999998
U4C_SAMPLE 0.080509999999999998
U4C_SAMPLE 0.084319000000000005
U4C_SAMPLE 0.080629999999999993
U4C_SAMPLE 0.080459000000000003
U4C_SAMPLE 0.080560000000000007
U4C_SAMPLE 0.080578999999999998
U4C_SAMPLE 0.080850000000000005
U4C_SAMPLE 0.081349000000000005
U4C_SAMPLE 0.080729999999999996
U4C_SAMPLE 0.080838999999999994
U4C_SAMPLE 0.080909999999999996
U4C_SAMPLE 0.080459000000000003
U4C_SAMPLE 0.080869999999999997
U4C_SAMPLE 0.081169000000000005
U4C_SAMPLE 0.082409999999999997
U4C_CHECKSUM 1.6370904631912708e-11
