-----------------------------------------
 MPI partition and reading input file time: 0.000000
 -----------------------------------------
[1;32mOpenSBLI is starting from the initial condition.
[0mU4C_SAMPLE 0.080860000000000001
U4C_SAMPLE 0.080639000000000002
U4C_SAMPLE 0.080640000000000003
U4C_SAMPLE 0.080669000000000005
U4C_SAMPLE 0.080640000000000003
U4C_SAMPLE 0.080629000000000006
U4C_SAMPLE 0.080610000000000001
U4C_SAMPLE 0.080618999999999996
U4C_SAMPLE 0.082930000000000004
U4C_SAMPLE 0.080718999999999999
U4C_SAMPLE 0.080610000000000001
U4C_SAMPLE 0.081389000000000003
U4C_SAMPLE 0.080619999999999997
U4C_SAMPLE 0.080879000000000006
U4C_SAMPLE 0.080600000000000005
U4C_SAMPLE 0.080768999999999994
U4C_SAMPLE 0.080610000000000001
U4C_SAMPLE 0.080798999999999996
U4C_SAMPLE 0.080530000000000004
U4C_SAMPLE 0.080588999999999994
U4C_CHECKSUM 1.6370904631912708e-11
