-----------------------------------------
 MPI partition and reading input file time: 0.000000
 -----------------------------------------
[1;32mOpenSBLI is starting from the initial condition.
[0mU4C_SAMPLE 0.080869999999999997
U4C_SAMPLE 0.081039
U4C_SAMPLE 0.081199999999999994
U4C_SAMPLE 0.080938999999999997
U4C_SAMPLE 0.083150000000000002
U4C_SAMPLE 0.080648999999999998
U4C_SAMPLE 0.080460000000000004
U4C_SAMPLE 0.081198999999999993
U4C_SAMPLE 0.080790000000000001
U4C_SAMPLE 0.080588999999999994
U4C_SAMPLE 0.080759999999999998
U4C_SAMPLE 0.080639000000000002
U4C_SAMPLE 0.080570000000000003
U4C_SAMPLE 0.084789000000000003
U4C_SAMPLE 0.081019999999999995
U4C_SAMPLE 0.081309000000000006
U4C_SAMPLE 0.083949999999999997
U4C_SAMPLE 0.081249000000000002
U4C_SAMPLE 0.081100000000000005
U4C_SAMPLE 0.082008999999999999
U4C_CHECKSUM 1.6370904631912708e-11
