-----------------------------------------
 MPI partition and reading input file time: 0.000000
 -----------------------------------------
[1;32mOpenSBLI is starting from the initial condition.
[0mU4C_SAMPLE 0.080959000000000003
U4C_SAMPLE 0.080979999999999996
U4C_SAMPLE 0.080768999999999994
U4C_SAMPLE 0.080960000000000004
U4C_SAMPLE 0.080768999999999994
U4C_SAMPLE 0.081140000000000004
U4C_SAMPLE 0.081048999999999996
U4C_SAMPLE 0.083409999999999998
U4C_SAMPLE 0.080828999999999998
U4C_SAMPLE 0.080890000000000004
U4C_SAMPLE 0.080948999999999993
U4C_SAMPLE 0.081180000000000002
U4C_SAMPLE 0.081099000000000004
U4C_SAMPLE 0.080949999999999994
U4C_SAMPLE 0.081109000000000001
U4C_SAMPLE 0.081100000000000005
U4C_SAMPLE 0.080819000000000002
U4C_SAMPLE 0.081199999999999994
U4C_SAMPLE 0.080959000000000003
U4C_SAMPLE 0.08337
U4C_CHECKSUM 1.6370904631912708e-11
