-----------------------------------------
 MPI partition and reading input file time: 0.000000
 -----------------------------------------
[1;32mOpenSBLI is starting from the initial condition.
[0mU4C_SAMPLE 0.081719
U4C_SAMPLE 0.081799999999999998
U4C_SAMPLE 0.081999000000000002
U4C_SAMPLE 0.082049999999999998
U4C_SAMPLE 0.081899
U4C_SAMPLE 0.081739999999999993
U4C_SAMPLE 0.081789000000000001
U4C_SAMPLE 0.081680000000000003
U4C_SAMPLE 0.081719
U4C_SAMPLE 0.086749999999999994
U4C_SAMPLE 0.081739000000000006
U4C_SAMPLE 0.081519999999999995
U4C_SAMPLE 0.081728999999999996
U4C_SAMPLE 0.081820000000000004
U4C_SAMPLE 0.081709000000000004
U4C_SAMPLE 0.081729999999999997
U4C_SAMPLE 0.081768999999999994
U4C_SAMPLE 0.085470000000000004
U4C_SAMPLE 0.081559000000000006
U4C_SAMPLE 0.081320000000000003
U4C_CHECKSUM 1.6370904631912708e-11
