-----------------------------------------
 MPI partition and reading input file time: 0.000000
 -----------------------------------------
[1;32mOpenSBLI is starting from the initial condition.
[0mU4C_SAMPLE 0.080968999999999999
U4C_SAMPLE 0.080990000000000006
U4C_SAMPLE 0.080968999999999999
U4C_SAMPLE 0.08097
U4C_SAMPLE 0.085069000000000006
U4C_SAMPLE 0.080850000000000005
U4C_SAMPLE 0.081169000000000005
U4C_SAMPLE 0.080979999999999996
U4C_SAMPLE 0.084988999999999995
U4C_SAMPLE 0.080070000000000002
U4C_SAMPLE 0.080188999999999996
U4C_SAMPLE 0.080189999999999997
U4C_SAMPLE 0.080288999999999999
U4C_SAMPLE 0.080100000000000005
U4C_SAMPLE 0.080478999999999995
U4C_SAMPLE 0.080070000000000002
U4C_SAMPLE 0.083069000000000004
U4C_SAMPLE 0.080199999999999994
U4C_SAMPLE 0.080059000000000005
U4C_SAMPLE 0.080189999999999997
U4C_CHECKSUM 1.6370904631912708e-11
