
 Using CUDA device: 0 NVIDIA GeForce RTX 5070 Ti
-----------------------------------------
 MPI partition and reading input file time: 0.000000
 -----------------------------------------
[1;32mOpenSBLI is starting from the initial condition.
[0mU4C_SAMPLE 0.010239999741315842
U4C_SAMPLE 0.010239999741315842
U4C_SAMPLE 0.0098559996113181114
U4C_SAMPLE 0.0098559996113181114
U4C_SAMPLE 0.010239999741315842
U4C_SAMPLE 0.0098559996113181114
U4C_SAMPLE 0.0097920000553131104
U4C_SAMPLE 0.010239999741315842
U4C_SAMPLE 0.010239999741315842
U4C_SAMPLE 0.010239999741315842
U4C_SAMPLE 0.0097920000553131104
U4C_SAMPLE 0.0097920000553131104
U4C_SAMPLE 0.010239999741315842
U4C_SAMPLE 0.0094400001689791679
U4C_SAMPLE 0.010239999741315842
U4C_SAMPLE 0.010239999741315842
U4C_SAMPLE 0.010239999741315842
U4C_SAMPLE 0.0097920000553131104
U4C_SAMPLE 0.0098879998549818993
U4C_SAMPLE 0.010239999741315842
U4C_CHECKSUM -1.6143530956469476e-11
