U4E_QUERY target=cpu cpu_loop=2 cuda_block=0 reuse=2 launches=2 scratch_bytes=65584 elements=8192 synchronized=0
U4E_SAMPLE 0.064459000000000002
U4E_SAMPLE 0.060069999999999998
U4E_SAMPLE 0.062659000000000006
U4E_SAMPLE 0.058799999999999998
U4E_SAMPLE 0.057758999999999998
U4E_SAMPLE 0.057820000000000003
U4E_SAMPLE 0.057790000000000001
U4E_SAMPLE 0.057019
U4E_SAMPLE 0.057750000000000003
U4E_SAMPLE 0.057709000000000003
U4E_SAMPLE 0.057750000000000003
U4E_SAMPLE 0.057009999999999998
U4E_SAMPLE 0.057758999999999998
U4E_SAMPLE 0.057779999999999998
U4E_SAMPLE 0.057038999999999999
U4E_SAMPLE 0.057709999999999997
U4E_SAMPLE 0.057758999999999998
U4E_SAMPLE 0.060850000000000001
U4E_SAMPLE 0.057020000000000001
U4E_SAMPLE 0.062099000000000001
U4E_RUN target=cpu cpu_loop=2 cuda_block=0 reuse=2 launches=2 scratch_bytes=65584 elements=8192 synchronized=1
U4E_RESULT finite=1 checksum=-2.2964741219766438e-11 maximum=289.63303205950433
U4E_MEMORY peak_rss_kib=505140
