-----------------------------------------
 MPI partition and reading input file time: 0.000000
 -----------------------------------------
[1;32mOpenSBLI is starting from the initial condition.
[0mU4C_SAMPLE 0.079089000000000007
U4C_SAMPLE 0.078710000000000002
U4C_SAMPLE 0.079030000000000003
U4C_SAMPLE 0.078788999999999998
U4C_SAMPLE 0.078719999999999998
U4C_SAMPLE 0.078898999999999997
U4C_SAMPLE 0.078750000000000001
U4C_SAMPLE 0.078839000000000006
U4C_SAMPLE 0.078769000000000006
U4C_SAMPLE 0.079030000000000003
U4C_SAMPLE 0.078758999999999996
U4C_SAMPLE 0.092799999999999994
U4C_SAMPLE 0.079129000000000005
U4C_SAMPLE 0.078779000000000002
U4C_SAMPLE 0.078719999999999998
U4C_SAMPLE 0.078749
U4C_SAMPLE 0.078740000000000004
U4C_SAMPLE 0.079059000000000004
U4C_SAMPLE 0.078868999999999995
U4C_SAMPLE 0.078789999999999999
U4C_CHECKSUM 1.6370904631912708e-11
