U4E_QUERY target=cpu cpu_loop=2 cuda_block=0 reuse=2 launches=2 scratch_bytes=65584 elements=8192 synchronized=0
U4E_SAMPLE 0.059949000000000002
U4E_SAMPLE 0.060060000000000002
U4E_SAMPLE 0.059220000000000002
U4E_SAMPLE 0.059929000000000003
U4E_SAMPLE 0.059990000000000002
U4E_SAMPLE 0.059978999999999998
U4E_SAMPLE 0.059959999999999999
U4E_SAMPLE 0.059919
U4E_SAMPLE 0.063060000000000005
U4E_SAMPLE 0.059949000000000002
U4E_SAMPLE 0.059209999999999999
U4E_SAMPLE 0.059978999999999998
U4E_SAMPLE 0.059959999999999999
U4E_SAMPLE 0.059990000000000002
U4E_SAMPLE 0.059969000000000001
U4E_SAMPLE 0.05994
U4E_SAMPLE 0.059199000000000002
U4E_SAMPLE 0.059970000000000002
U4E_SAMPLE 0.059958999999999998
U4E_SAMPLE 0.05919
U4E_RUN target=cpu cpu_loop=2 cuda_block=0 reuse=2 launches=2 scratch_bytes=65584 elements=8192 synchronized=1
U4E_RESULT finite=1 checksum=-2.2964741219766438e-11 maximum=289.63303205950433
U4E_MEMORY peak_rss_kib=505140
