U4E_QUERY target=cpu cpu_loop=2 cuda_block=0 reuse=2 launches=2 scratch_bytes=65584 elements=8192 synchronized=0
U4E_SAMPLE 0.059979999999999999
U4E_SAMPLE 0.060109000000000003
U4E_SAMPLE 0.060040000000000003
U4E_SAMPLE 0.060009
U4E_SAMPLE 0.060010000000000001
U4E_SAMPLE 0.060040000000000003
U4E_SAMPLE 0.060019000000000003
U4E_SAMPLE 0.060040000000000003
U4E_SAMPLE 0.060009
U4E_SAMPLE 0.060010000000000001
U4E_SAMPLE 0.066989000000000007
U4E_SAMPLE 0.060049999999999999
U4E_SAMPLE 0.059978999999999998
U4E_SAMPLE 0.059990000000000002
U4E_SAMPLE 0.060040000000000003
U4E_SAMPLE 0.061518999999999997
U4E_SAMPLE 0.059979999999999999
U4E_SAMPLE 0.059278999999999998
U4E_SAMPLE 0.06003
U4E_SAMPLE 0.060019000000000003
U4E_RUN target=cpu cpu_loop=2 cuda_block=0 reuse=2 launches=2 scratch_bytes=65584 elements=8192 synchronized=1
U4E_RESULT finite=1 checksum=-2.2964741219766438e-11 maximum=289.63303205950433
U4E_MEMORY peak_rss_kib=505140
