-----------------------------------------
 MPI partition and reading input file time: 0.000000
 -----------------------------------------
[1;32mOpenSBLI is starting from the initial condition.
[0mU4C_SAMPLE 0.078758999999999996
U4C_SAMPLE 0.078770000000000007
U4C_SAMPLE 0.078758999999999996
U4C_SAMPLE 0.081559000000000006
U4C_SAMPLE 0.07911
U4C_SAMPLE 0.078978999999999994
U4C_SAMPLE 0.078820000000000001
U4C_SAMPLE 0.078798999999999994
U4C_SAMPLE 0.078779000000000002
U4C_SAMPLE 0.079460000000000003
U4C_SAMPLE 0.079489000000000004
U4C_SAMPLE 0.078820000000000001
U4C_SAMPLE 0.078819
U4C_SAMPLE 0.079578999999999997
U4C_SAMPLE 0.078920000000000004
U4C_SAMPLE 0.081338999999999995
U4C_SAMPLE 0.078820000000000001
U4C_SAMPLE 0.078909000000000007
U4C_SAMPLE 0.078739000000000003
U4C_SAMPLE 0.079039999999999999
U4C_CHECKSUM 1.6370904631912708e-11
