U4E_QUERY target=cpu cpu_loop=2 cuda_block=0 reuse=2 launches=2 scratch_bytes=65584 elements=8192 synchronized=0
U4E_SAMPLE 0.060009
U4E_SAMPLE 0.060069999999999998
U4E_SAMPLE 0.059279999999999999
U4E_SAMPLE 0.059249000000000003
U4E_SAMPLE 0.059229999999999998
U4E_SAMPLE 0.060028999999999999
U4E_SAMPLE 0.059979999999999999
U4E_SAMPLE 0.059978999999999998
U4E_SAMPLE 0.06003
U4E_SAMPLE 0.059998999999999997
U4E_SAMPLE 0.060040000000000003
U4E_SAMPLE 0.089848999999999998
U4E_SAMPLE 0.060049999999999999
U4E_SAMPLE 0.060028999999999999
U4E_SAMPLE 0.059999999999999998
U4E_SAMPLE 0.06003
U4E_SAMPLE 0.060039000000000002
U4E_SAMPLE 0.060080000000000001
U4E_SAMPLE 0.059199000000000002
U4E_SAMPLE 0.059270000000000003
U4E_RUN target=cpu cpu_loop=2 cuda_block=0 reuse=2 launches=2 scratch_bytes=65584 elements=8192 synchronized=1
U4E_RESULT finite=1 checksum=-2.2964741219766438e-11 maximum=289.63303205950433
U4E_MEMORY peak_rss_kib=505140
