-----------------------------------------
 MPI partition and reading input file time: 0.000000
 -----------------------------------------
[1;32mOpenSBLI is starting from the initial condition.
[0mU4C_SAMPLE 0.079000000000000001
U4C_SAMPLE 0.078769000000000006
U4C_SAMPLE 0.078858999999999999
U4C_SAMPLE 0.078659999999999994
U4C_SAMPLE 0.079489000000000004
U4C_SAMPLE 0.079399999999999998
U4C_SAMPLE 0.082128999999999994
U4C_SAMPLE 0.079328999999999997
U4C_SAMPLE 0.078899999999999998
U4C_SAMPLE 0.078999
U4C_SAMPLE 0.078630000000000005
U4C_SAMPLE 0.078968999999999998
U4C_SAMPLE 0.078809000000000004
U4C_SAMPLE 0.078740000000000004
U4C_SAMPLE 0.078978999999999994
U4C_SAMPLE 0.078659999999999994
U4C_SAMPLE 0.078758999999999996
U4C_SAMPLE 0.078758999999999996
U4C_SAMPLE 0.08133
U4C_SAMPLE 0.078749
U4C_CHECKSUM 1.6370904631912708e-11
