-----------------------------------------
 MPI partition and reading input file time: 0.000000
 -----------------------------------------
[1;32mOpenSBLI is starting from the initial condition.
[0mU4C_SAMPLE 0.089918999999999999
U4C_SAMPLE 0.083769999999999997
U4C_SAMPLE 0.081919000000000006
U4C_SAMPLE 0.081629999999999994
U4C_SAMPLE 0.081838999999999995
U4C_SAMPLE 0.082008999999999999
U4C_SAMPLE 0.082019999999999996
U4C_SAMPLE 0.081368999999999997
U4C_SAMPLE 0.081809999999999994
U4C_SAMPLE 0.081588999999999995
U4C_SAMPLE 0.082140000000000005
U4C_SAMPLE 0.081729999999999997
U4C_SAMPLE 0.084098999999999993
U4C_SAMPLE 0.083430000000000004
U4C_SAMPLE 0.078758999999999996
U4C_SAMPLE 0.078849000000000002
U4C_SAMPLE 0.078939999999999996
U4C_SAMPLE 0.078779000000000002
U4C_SAMPLE 0.078899999999999998
U4C_SAMPLE 0.078559000000000004
U4C_CHECKSUM 1.6370904631912708e-11
