-----------------------------------------
 MPI partition and reading input file time: 0.000000
 -----------------------------------------
[1;32mOpenSBLI is starting from the initial condition.
[0mU4C_SAMPLE 0.07986
U4C_SAMPLE 0.081209000000000003
U4C_SAMPLE 0.081339999999999996
U4C_SAMPLE 0.081728999999999996
U4C_SAMPLE 0.082228999999999997
U4C_SAMPLE 0.081259999999999999
U4C_SAMPLE 0.080048999999999995
U4C_SAMPLE 0.079968999999999998
U4C_SAMPLE 0.082030000000000006
U4C_SAMPLE 0.097938999999999998
U4C_SAMPLE 0.080680000000000002
U4C_SAMPLE 0.08072
U4C_SAMPLE 0.081139000000000003
U4C_SAMPLE 0.081210000000000004
U4C_SAMPLE 0.081319000000000002
U4C_SAMPLE 0.081518999999999994
U4C_SAMPLE 0.080350000000000005
U4C_SAMPLE 0.081559000000000006
U4C_SAMPLE 0.08165
U4C_SAMPLE 0.079989000000000005
U4C_CHECKSUM 1.6370904631912708e-11
