U4E_QUERY target=cuda cpu_loop=0 cuda_block=32 reuse=2 launches=2 scratch_bytes=65584 elements=8192 synchronized=0
U4E_SAMPLE 0.009344000369310379
U4E_SAMPLE 0.0074880002066493034
U4E_SAMPLE 0.0081599997356534004
U4E_SAMPLE 0.0090560000389814377
U4E_SAMPLE 0.0092799998819828033
U4E_SAMPLE 0.0093759996816515923
U4E_SAMPLE 0.009344000369310379
U4E_SAMPLE 0.0092799998819828033
U4E_SAMPLE 0.0078400000929832458
U4E_SAMPLE 0.0093120001256465912
U4E_SAMPLE 0.0093759996816515923
U4E_SAMPLE 0.0091840000823140144
U4E_SAMPLE 0.0093759996816515923
U4E_SAMPLE 0.0093759996816515923
U4E_SAMPLE 0.0094079999253153801
U4E_SAMPLE 0.0093759996816515923
U4E_SAMPLE 0.008991999551653862
U4E_SAMPLE 0.0088959997519850731
U4E_SAMPLE 0.0088959997519850731
U4E_SAMPLE 0.0091840000823140144
U4E_RUN target=cuda cpu_loop=0 cuda_block=32 reuse=2 launches=2 scratch_bytes=65584 elements=8192 synchronized=0
U4E_RESULT finite=1 checksum=-8.4128259913995862e-12 maximum=289.63303205950479
U4E_MEMORY peak_rss_kib=505140
