U4E_QUERY target=cpu cpu_loop=2 cuda_block=0 reuse=2 launches=2 scratch_bytes=65584 elements=8192 synchronized=0
U4E_SAMPLE 0.071278999999999995
U4E_SAMPLE 0.072289999999999993
U4E_SAMPLE 0.072248999999999994
U4E_SAMPLE 0.0722
U4E_SAMPLE 0.071329000000000004
U4E_SAMPLE 0.058139999999999997
U4E_SAMPLE 0.057029000000000003
U4E_SAMPLE 0.059920000000000001
U4E_SAMPLE 0.057738999999999999
U4E_SAMPLE 0.057750000000000003
U4E_SAMPLE 0.057038999999999999
U4E_SAMPLE 0.057750000000000003
U4E_SAMPLE 0.057750000000000003
U4E_SAMPLE 0.057778999999999997
U4E_SAMPLE 0.057779999999999998
U4E_SAMPLE 0.057008999999999997
U4E_SAMPLE 0.057009999999999998
U4E_SAMPLE 0.057750000000000003
U4E_SAMPLE 0.057718999999999999
U4E_SAMPLE 0.057000000000000002
U4E_RUN target=cpu cpu_loop=2 cuda_block=0 reuse=2 launches=2 scratch_bytes=65584 elements=8192 synchronized=1
U4E_RESULT finite=1 checksum=-2.2964741219766438e-11 maximum=289.63303205950433
U4E_MEMORY peak_rss_kib=505140
