U4E_QUERY target=cpu cpu_loop=2 cuda_block=0 reuse=2 launches=2 scratch_bytes=65584 elements=8192 synchronized=0
U4E_SAMPLE 0.059969000000000001
U4E_SAMPLE 0.059310000000000002
U4E_SAMPLE 0.060009
U4E_SAMPLE 0.059950000000000003
U4E_SAMPLE 0.059929000000000003
U4E_SAMPLE 0.064019999999999994
U4E_SAMPLE 0.060019000000000003
U4E_SAMPLE 0.059990000000000002
U4E_SAMPLE 0.059929000000000003
U4E_SAMPLE 0.059159999999999997
U4E_SAMPLE 0.059950000000000003
U4E_SAMPLE 0.059969000000000001
U4E_SAMPLE 0.05994
U4E_SAMPLE 0.059989000000000001
U4E_SAMPLE 0.05919
U4E_SAMPLE 0.061439000000000001
U4E_SAMPLE 0.057729999999999997
U4E_SAMPLE 0.057759999999999999
U4E_SAMPLE 0.057749000000000002
U4E_SAMPLE 0.057709999999999997
U4E_RUN target=cpu cpu_loop=2 cuda_block=0 reuse=2 launches=2 scratch_bytes=65584 elements=8192 synchronized=1
U4E_RESULT finite=1 checksum=-2.2964741219766438e-11 maximum=289.63303205950433
U4E_MEMORY peak_rss_kib=505140
