-----------------------------------------
 MPI partition and reading input file time: 0.000000
 -----------------------------------------
[1;32mOpenSBLI is starting from the initial condition.
[0mU4C_SAMPLE 0.080218999999999999
U4C_SAMPLE 0.080180000000000001
U4C_SAMPLE 0.080389000000000002
U4C_SAMPLE 0.080180000000000001
U4C_SAMPLE 0.080078999999999997
U4C_SAMPLE 0.083929000000000004
U4C_SAMPLE 0.080159999999999995
U4C_SAMPLE 0.080368999999999996
U4C_SAMPLE 0.080079999999999998
U4C_SAMPLE 0.080310000000000006
U4C_SAMPLE 0.080328999999999998
U4C_SAMPLE 0.080180000000000001
U4C_SAMPLE 0.080429
U4C_SAMPLE 0.080188999999999996
U4C_SAMPLE 0.080149999999999999
U4C_SAMPLE 0.080179
U4C_SAMPLE 0.080409999999999995
U4C_SAMPLE 0.080559000000000006
U4C_SAMPLE 0.081948999999999994
U4C_SAMPLE 0.08022
U4C_CHECKSUM 1.6370904631912708e-11
