
 Using CUDA device: 0 NVIDIA GeForce RTX 5070 Ti
-----------------------------------------
 MPI partition and reading input file time: 0.000000
 -----------------------------------------
[1;32mOpenSBLI is starting from the initial condition.
[0mU4C_SAMPLE 0.043189999999999999
U4C_SAMPLE 0.041770000000000002
U4C_SAMPLE 0.042668999999999999
U4C_SAMPLE 0.043709999999999999
U4C_SAMPLE 0.042549999999999998
U4C_SAMPLE 0.041919999999999999
U4C_SAMPLE 0.054088999999999998
U4C_SAMPLE 0.041709999999999997
U4C_SAMPLE 0.041820000000000003
U4C_SAMPLE 0.041459000000000003
U4C_SAMPLE 0.04249
U4C_SAMPLE 0.042520000000000002
U4C_SAMPLE 0.042648999999999999
U4C_SAMPLE 0.041849999999999998
U4C_SAMPLE 0.043619999999999999
U4C_SAMPLE 0.045099
U4C_SAMPLE 0.042610000000000002
U4C_SAMPLE 0.05398
U4C_SAMPLE 0.044009
U4C_SAMPLE 0.041439999999999998
U4C_CHECKSUM -1.6143530956469476e-11
