U4E_QUERY target=cuda cpu_loop=0 cuda_block=32 reuse=2 launches=2 scratch_bytes=65584 elements=8192 synchronized=0
U4E_SAMPLE 0.027479
U4E_SAMPLE 0.027369999999999998
U4E_SAMPLE 0.02707
U4E_SAMPLE 0.02614
U4E_SAMPLE 0.026540000000000001
U4E_SAMPLE 0.026269000000000001
U4E_SAMPLE 0.0264
U4E_SAMPLE 0.026380000000000001
U4E_SAMPLE 0.02656
U4E_SAMPLE 0.026610000000000002
U4E_SAMPLE 0.026169999999999999
U4E_SAMPLE 0.026828999999999999
U4E_SAMPLE 0.026259999999999999
U4E_SAMPLE 0.026409999999999999
U4E_SAMPLE 0.026409999999999999
U4E_SAMPLE 0.02681
U4E_SAMPLE 0.027158999999999999
U4E_SAMPLE 0.0263
U4E_SAMPLE 0.026550000000000001
U4E_SAMPLE 0.026370000000000001
U4E_RUN target=cuda cpu_loop=0 cuda_block=32 reuse=2 launches=2 scratch_bytes=65584 elements=8192 synchronized=0
U4E_RESULT finite=1 checksum=-8.4128259913995862e-12 maximum=289.63303205950479
U4E_MEMORY peak_rss_kib=505140
