-----------------------------------------
 MPI partition and reading input file time: 0.000000
 -----------------------------------------
[1;32mOpenSBLI is starting from the initial condition.
[0mU4C_SAMPLE 0.078699000000000005
U4C_SAMPLE 0.078890000000000002
U4C_SAMPLE 0.078178999999999998
U4C_SAMPLE 0.079030000000000003
U4C_SAMPLE 0.085098999999999994
U4C_SAMPLE 0.078770000000000007
U4C_SAMPLE 0.078798999999999994
U4C_SAMPLE 0.078759999999999997
U4C_SAMPLE 0.078839999999999993
U4C_SAMPLE 0.079038999999999998
U4C_SAMPLE 0.078740000000000004
U4C_SAMPLE 0.078728999999999993
U4C_SAMPLE 0.078750000000000001
U4C_SAMPLE 0.078769000000000006
U4C_SAMPLE 0.079000000000000001
U4C_SAMPLE 0.078809000000000004
U4C_SAMPLE 0.081059999999999993
U4C_SAMPLE 0.078849000000000002
U4C_SAMPLE 0.078770000000000007
U4C_SAMPLE 0.079038999999999998
U4C_CHECKSUM 1.6370904631912708e-11
