-----------------------------------------
 MPI partition and reading input file time: 0.000000
 -----------------------------------------
[1;32mOpenSBLI is starting from the initial condition.
[0mU4C_SAMPLE 0.078898999999999997
U4C_SAMPLE 0.079159999999999994
U4C_SAMPLE 0.079118999999999995
U4C_SAMPLE 0.078950000000000006
U4C_SAMPLE 0.081359000000000001
U4C_SAMPLE 0.078869999999999996
U4C_SAMPLE 0.078898999999999997
U4C_SAMPLE 0.078890000000000002
U4C_SAMPLE 0.079029000000000002
U4C_SAMPLE 0.078939999999999996
U4C_SAMPLE 0.078419000000000003
U4C_SAMPLE 0.078869999999999996
U4C_SAMPLE 0.078898999999999997
U4C_SAMPLE 0.078920000000000004
U4C_SAMPLE 0.079059000000000004
U4C_SAMPLE 0.078409999999999994
U4C_SAMPLE 0.083429000000000003
U4C_SAMPLE 0.07886
U4C_SAMPLE 0.079419000000000003
U4C_SAMPLE 0.078780000000000003
U4C_CHECKSUM 1.6370904631912708e-11
