-----------------------------------------
 MPI partition and reading input file time: 0.000000
 -----------------------------------------
[1;32mOpenSBLI is starting from the initial condition.
[0mU4C_SAMPLE 0.079089000000000007
U4C_SAMPLE 0.078770000000000007
U4C_SAMPLE 0.079489000000000004
U4C_SAMPLE 0.078890000000000002
U4C_SAMPLE 0.078709000000000001
U4C_SAMPLE 0.078750000000000001
U4C_SAMPLE 0.078739000000000003
U4C_SAMPLE 0.07911
U4C_SAMPLE 0.078749
U4C_SAMPLE 0.078850000000000003
U4C_SAMPLE 0.090678999999999996
U4C_SAMPLE 0.078729999999999994
U4C_SAMPLE 0.078688999999999995
U4C_SAMPLE 0.078689999999999996
U4C_SAMPLE 0.078749
U4C_SAMPLE 0.078759999999999997
U4C_SAMPLE 0.079008999999999996
U4C_SAMPLE 0.078710000000000002
U4C_SAMPLE 0.078879000000000005
U4C_SAMPLE 0.079189999999999997
U4C_CHECKSUM 1.6370904631912708e-11
