-----------------------------------------
 MPI partition and reading input file time: 0.000001
 -----------------------------------------
[1;32mOpenSBLI is starting from the initial condition.
[0mU4C_SAMPLE 0.078938999999999995
U4C_SAMPLE 0.084510000000000002
U4C_SAMPLE 0.078589000000000006
U4C_SAMPLE 0.078810000000000005
U4C_SAMPLE 0.078608999999999998
U4C_SAMPLE 0.078719999999999998
U4C_SAMPLE 0.078898999999999997
U4C_SAMPLE 0.079020000000000007
U4C_SAMPLE 0.078709000000000001
U4C_SAMPLE 0.079020000000000007
U4C_SAMPLE 0.078809000000000004
U4C_SAMPLE 0.078960000000000002
U4C_SAMPLE 0.078989000000000004
U4C_SAMPLE 0.083750000000000005
U4C_SAMPLE 0.078780000000000003
U4C_SAMPLE 0.078758999999999996
U4C_SAMPLE 0.078640000000000002
U4C_SAMPLE 0.078618999999999994
U4C_SAMPLE 0.078729999999999994
U4C_SAMPLE 0.078728999999999993
U4C_CHECKSUM 1.6370904631912708e-11
