-----------------------------------------
 MPI partition and reading input file time: 0.000000
 -----------------------------------------
[1;32mOpenSBLI is starting from the initial condition.
[0mU4C_SAMPLE 0.078739000000000003
U4C_SAMPLE 0.078920000000000004
U4C_SAMPLE 0.079019000000000006
U4C_SAMPLE 0.078979999999999995
U4C_SAMPLE 0.078819
U4C_SAMPLE 0.079000000000000001
U4C_SAMPLE 0.078849000000000002
U4C_SAMPLE 0.078880000000000006
U4C_SAMPLE 0.078919000000000003
U4C_SAMPLE 0.079009999999999997
U4C_SAMPLE 0.079089000000000007
U4C_SAMPLE 0.081479999999999997
U4C_SAMPLE 0.078909000000000007
U4C_SAMPLE 0.078869999999999996
U4C_SAMPLE 0.079038999999999998
U4C_SAMPLE 0.078770000000000007
U4C_SAMPLE 0.078839000000000006
U4C_SAMPLE 0.078770000000000007
U4C_SAMPLE 0.078749
U4C_SAMPLE 0.079089999999999994
U4C_CHECKSUM 1.6370904631912708e-11
