-----------------------------------------
 MPI partition and reading input file time: 0.000001
 -----------------------------------------
[1;32mOpenSBLI is starting from the initial condition.
[0mU4C_SAMPLE 0.078740000000000004
U4C_SAMPLE 0.078519000000000005
U4C_SAMPLE 0.081769999999999995
U4C_SAMPLE 0.078788999999999998
U4C_SAMPLE 0.078920000000000004
U4C_SAMPLE 0.078858999999999999
U4C_SAMPLE 0.078600000000000003
U4C_SAMPLE 0.078928999999999999
U4C_SAMPLE 0.07843
U4C_SAMPLE 0.078749
U4C_SAMPLE 0.078640000000000002
U4C_SAMPLE 0.078839000000000006
U4C_SAMPLE 0.078539999999999999
U4C_SAMPLE 0.078919000000000003
U4C_SAMPLE 0.080579999999999999
U4C_SAMPLE 0.078769000000000006
U4C_SAMPLE 0.078759999999999997
U4C_SAMPLE 0.078728999999999993
U4C_SAMPLE 0.079039999999999999
U4C_SAMPLE 0.078858999999999999
U4C_CHECKSUM 1.6370904631912708e-11
