
 Using CUDA device: 0 NVIDIA GeForce RTX 5070 Ti
-----------------------------------------
 MPI partition and reading input file time: 0.000000
 -----------------------------------------
[1;32mOpenSBLI is starting from the initial condition.
[0mU4C_SAMPLE 0.041839000000000001
U4C_SAMPLE 0.041059999999999999
U4C_SAMPLE 0.041169999999999998
U4C_SAMPLE 0.044269999999999997
U4C_SAMPLE 0.041339000000000001
U4C_SAMPLE 0.041180000000000001
U4C_SAMPLE 0.053949999999999998
U4C_SAMPLE 0.041699
U4C_SAMPLE 0.041759999999999999
U4C_SAMPLE 0.041700000000000001
U4C_SAMPLE 0.041459999999999997
U4C_SAMPLE 0.040979000000000002
U4C_SAMPLE 0.041459999999999997
U4C_SAMPLE 0.042529999999999998
U4C_SAMPLE 0.043040000000000002
U4C_SAMPLE 0.045478999999999999
U4C_SAMPLE 0.041869999999999997
U4C_SAMPLE 0.05364
U4C_SAMPLE 0.040788999999999999
U4C_SAMPLE 0.04165
U4C_CHECKSUM -1.6143530956469476e-11
