Requirement already satisfied: pip in ./venv-pytorch-2.13-cu126/lib/python3.12/site-packages (24.0)
Collecting pip
  Downloading pip-26.2.1-py3-none-any.whl.metadata (4.6 kB)
Collecting setuptools
  Downloading setuptools-84.0.0-py3-none-any.whl.metadata (6.6 kB)
Collecting wheel
  Downloading wheel-0.48.0-py3-none-any.whl.metadata (2.3 kB)
Collecting packaging>=24.0 (from wheel)
  Downloading packaging-26.3-py3-none-any.whl.metadata (3.5 kB)
Downloading pip-26.2.1-py3-none-any.whl (1.8 MB)
   ━━━━━━━━━━━━━━━━━━━━━━━━━━━━━━━━━━━━━━━━ 1.8/1.8 MB 14.2 MB/s eta 0:00:00
Downloading setuptools-84.0.0-py3-none-any.whl (818 kB)
   ━━━━━━━━━━━━━━━━━━━━━━━━━━━━━━━━━━━━━━━━ 818.2/818.2 kB 10.8 MB/s eta 0:00:00
Downloading wheel-0.48.0-py3-none-any.whl (33 kB)
Downloading packaging-26.3-py3-none-any.whl (129 kB)
   ━━━━━━━━━━━━━━━━━━━━━━━━━━━━━━━━━━━━━━━━ 130.0/130.0 kB 1.8 MB/s eta 0:00:00
Installing collected packages: setuptools, pip, packaging, wheel
  Attempting uninstall: pip
    Found existing installation: pip 24.0
    Uninstalling pip-24.0:
      Successfully uninstalled pip-24.0
Successfully installed packaging-26.3 pip-26.2.1 setuptools-84.0.0 wheel-0.48.0
Looking in indexes: https://download.pytorch.org/whl/cu126
Collecting torch==2.13.0
  Downloading torch-2.13.0%2Bcu126-cp312-cp312-manylinux_2_28_x86_64.whl.metadata (38 kB)
Collecting filelock (from torch==2.13.0)
  Downloading filelock-3.32.3-py3-none-any.whl.metadata (2.0 kB)
Collecting typing-extensions>=4.10.0 (from torch==2.13.0)
  Downloading typing_extensions-4.16.0-py3-none-any.whl.metadata (3.3 kB)
Requirement already satisfied: setuptools>=77.0.3 in ./venv-pytorch-2.13-cu126/lib/python3.12/site-packages (from torch==2.13.0) (84.0.0)
Collecting sympy>=1.13.3 (from torch==2.13.0)
  Downloading sympy-1.14.0-py3-none-any.whl.metadata (12 kB)
Collecting networkx>=2.5.1 (from torch==2.13.0)
  Downloading networkx-3.6.1-py3-none-any.whl.metadata (6.8 kB)
Collecting jinja2 (from torch==2.13.0)
  Using cached jinja2-3.1.6-py3-none-any.whl.metadata (2.9 kB)
Collecting fsspec>=0.8.5 (from torch==2.13.0)
  Downloading fsspec-2026.7.0-py3-none-any.whl.metadata (10 kB)
Collecting cuda-toolkit==12.6.3 (from cuda-toolkit[cublas,cudart,cufft,cufile,cupti,curand,cusolver,cusparse,nvjitlink,nvrtc,nvtx]==12.6.3; platform_system == "Linux"->torch==2.13.0)
  Downloading cuda_toolkit-12.6.3-py2.py3-none-any.whl (2.3 kB)
Collecting cuda-bindings<13,>=12.9.4 (from torch==2.13.0)
  Downloading cuda_bindings-12.9.7-cp312-cp312-manylinux_2_24_x86_64.manylinux_2_28_x86_64.whl.metadata (2.6 kB)
Collecting nvidia-cudnn-cu12==9.10.2.21 (from torch==2.13.0)
  Downloading nvidia_cudnn_cu12-9.10.2.21-py3-none-manylinux_2_27_x86_64.whl (706.8 MB)
     ━━━━━━━━━━━━━━━━━━━━━━━━━━━━━━━━━━━━━━━━ 706.8/706.8 MB 24.2 MB/s  0:00:28
Collecting nvidia-cusparselt-cu12==0.7.1 (from torch==2.13.0)
  Downloading nvidia_cusparselt_cu12-0.7.1-py3-none-manylinux2014_x86_64.whl (287.2 MB)
     ━━━━━━━━━━━━━━━━━━━━━━━━━━━━━━━━━━━━━━━━ 287.2/287.2 MB 13.6 MB/s  0:00:20
Collecting nvidia-nccl-cu12==2.29.3 (from torch==2.13.0)
  Downloading nvidia_nccl_cu12-2.29.3-py3-none-manylinux_2_18_x86_64.whl (289.8 MB)
     ━━━━━━━━━━━━━━━━━━━━━━━━━━━━━━━━━━━━━━━━ 289.8/289.8 MB 25.4 MB/s  0:00:11
Collecting nvidia-nvshmem-cu12==3.4.5 (from torch==2.13.0)
  Downloading nvidia_nvshmem_cu12-3.4.5-py3-none-manylinux2014_x86_64.manylinux_2_17_x86_64.whl (139.1 MB)
     ━━━━━━━━━━━━━━━━━━━━━━━━━━━━━━━━━━━━━━━━ 139.1/139.1 MB 36.5 MB/s  0:00:03
Collecting triton==3.7.1 (from torch==2.13.0)
  Downloading triton-3.7.1-cp312-cp312-manylinux_2_27_x86_64.manylinux_2_28_x86_64.whl.metadata (1.7 kB)
Collecting nvidia-cublas-cu12==12.6.4.1.* (from cuda-toolkit[cublas,cudart,cufft,cufile,cupti,curand,cusolver,cusparse,nvjitlink,nvrtc,nvtx]==12.6.3; platform_system == "Linux"->torch==2.13.0)
  Downloading nvidia_cublas_cu12-12.6.4.1-py3-none-manylinux2014_x86_64.manylinux_2_17_x86_64.whl (393.1 MB)
     ━━━━━━━━━━━━━━━━━━━━━━━━━━━━━━━━━━━━━━━━ 393.1/393.1 MB 31.6 MB/s  0:00:11
Collecting nvidia-cuda-runtime-cu12==12.6.77.* (from cuda-toolkit[cublas,cudart,cufft,cufile,cupti,curand,cusolver,cusparse,nvjitlink,nvrtc,nvtx]==12.6.3; platform_system == "Linux"->torch==2.13.0)
  Downloading nvidia_cuda_runtime_cu12-12.6.77-py3-none-manylinux2014_x86_64.manylinux_2_17_x86_64.whl (897 kB)
     ━━━━━━━━━━━━━━━━━━━━━━━━━━━━━━━━━━━━━━━━ 897.7/897.7 kB 48.9 MB/s  0:00:00
Collecting nvidia-cufft-cu12==11.3.0.4.* (from cuda-toolkit[cublas,cudart,cufft,cufile,cupti,curand,cusolver,cusparse,nvjitlink,nvrtc,nvtx]==12.6.3; platform_system == "Linux"->torch==2.13.0)
  Downloading nvidia_cufft_cu12-11.3.0.4-py3-none-manylinux2014_x86_64.manylinux_2_17_x86_64.whl (200.2 MB)
     ━━━━━━━━━━━━━━━━━━━━━━━━━━━━━━━━━━━━━━━━ 200.2/200.2 MB 35.1 MB/s  0:00:05
Collecting nvidia-cufile-cu12==1.11.1.6.* (from cuda-toolkit[cublas,cudart,cufft,cufile,cupti,curand,cusolver,cusparse,nvjitlink,nvrtc,nvtx]==12.6.3; platform_system == "Linux"->torch==2.13.0)
  Downloading nvidia_cufile_cu12-1.11.1.6-py3-none-manylinux2014_x86_64.manylinux_2_17_x86_64.whl (1.1 MB)
     ━━━━━━━━━━━━━━━━━━━━━━━━━━━━━━━━━━━━━━━━ 1.1/1.1 MB 116.8 MB/s  0:00:00
Collecting nvidia-cuda-cupti-cu12==12.6.80.* (from cuda-toolkit[cublas,cudart,cufft,cufile,cupti,curand,cusolver,cusparse,nvjitlink,nvrtc,nvtx]==12.6.3; platform_system == "Linux"->torch==2.13.0)
  Downloading nvidia_cuda_cupti_cu12-12.6.80-py3-none-manylinux2014_x86_64.manylinux_2_17_x86_64.whl (8.9 MB)
     ━━━━━━━━━━━━━━━━━━━━━━━━━━━━━━━━━━━━━━━━ 8.9/8.9 MB 63.7 MB/s  0:00:00
Collecting nvidia-curand-cu12==10.3.7.77.* (from cuda-toolkit[cublas,cudart,cufft,cufile,cupti,curand,cusolver,cusparse,nvjitlink,nvrtc,nvtx]==12.6.3; platform_system == "Linux"->torch==2.13.0)
  Downloading nvidia_curand_cu12-10.3.7.77-py3-none-manylinux2014_x86_64.manylinux_2_17_x86_64.whl (56.3 MB)
     ━━━━━━━━━━━━━━━━━━━━━━━━━━━━━━━━━━━━━━━━ 56.3/56.3 MB 31.6 MB/s  0:00:01
Collecting nvidia-cusolver-cu12==11.7.1.2.* (from cuda-toolkit[cublas,cudart,cufft,cufile,cupti,curand,cusolver,cusparse,nvjitlink,nvrtc,nvtx]==12.6.3; platform_system == "Linux"->torch==2.13.0)
  Downloading nvidia_cusolver_cu12-11.7.1.2-py3-none-manylinux2014_x86_64.manylinux_2_17_x86_64.whl (158.2 MB)
     ━━━━━━━━━━━━━━━━━━━━━━━━━━━━━━━━━━━━━━━━ 158.2/158.2 MB 28.6 MB/s  0:00:05
Collecting nvidia-cusparse-cu12==12.5.4.2.* (from cuda-toolkit[cublas,cudart,cufft,cufile,cupti,curand,cusolver,cusparse,nvjitlink,nvrtc,nvtx]==12.6.3; platform_system == "Linux"->torch==2.13.0)
  Downloading nvidia_cusparse_cu12-12.5.4.2-py3-none-manylinux2014_x86_64.manylinux_2_17_x86_64.whl (216.6 MB)
     ━━━━━━━━━━━━━━━━━━━━━━━━━━━━━━━━━━━━━━━━ 216.6/216.6 MB 19.3 MB/s  0:00:11
Collecting nvidia-nvjitlink-cu12==12.6.85.* (from cuda-toolkit[cublas,cudart,cufft,cufile,cupti,curand,cusolver,cusparse,nvjitlink,nvrtc,nvtx]==12.6.3; platform_system == "Linux"->torch==2.13.0)
  Downloading nvidia_nvjitlink_cu12-12.6.85-py3-none-manylinux2010_x86_64.manylinux_2_12_x86_64.whl (19.7 MB)
     ━━━━━━━━━━━━━━━━━━━━━━━━━━━━━━━━━━━━━━━━ 19.7/19.7 MB 14.5 MB/s  0:00:01
Collecting nvidia-cuda-nvrtc-cu12==12.6.85.* (from cuda-toolkit[cublas,cudart,cufft,cufile,cupti,curand,cusolver,cusparse,nvjitlink,nvrtc,nvtx]==12.6.3; platform_system == "Linux"->torch==2.13.0)
  Downloading nvidia_cuda_nvrtc_cu12-12.6.85-py3-none-manylinux2010_x86_64.manylinux_2_12_x86_64.whl (23.6 MB)
     ━━━━━━━━━━━━━━━━━━━━━━━━━━━━━━━━━━━━━━━━ 23.6/23.6 MB 18.4 MB/s  0:00:01
Collecting nvidia-nvtx-cu12==12.6.77.* (from cuda-toolkit[cublas,cudart,cufft,cufile,cupti,curand,cusolver,cusparse,nvjitlink,nvrtc,nvtx]==12.6.3; platform_system == "Linux"->torch==2.13.0)
  Downloading nvidia_nvtx_cu12-12.6.77-py3-none-manylinux2014_x86_64.manylinux_2_17_x86_64.whl (89 kB)
Collecting cuda-pathfinder~=1.1 (from cuda-bindings<13,>=12.9.4->torch==2.13.0)
  Downloading cuda_pathfinder-1.6.0-py3-none-any.whl.metadata (1.9 kB)
Collecting mpmath<1.4,>=1.1.0 (from sympy>=1.13.3->torch==2.13.0)
  Using cached mpmath-1.3.0-py3-none-any.whl.metadata (8.6 kB)
Collecting MarkupSafe>=2.0 (from jinja2->torch==2.13.0)
  Downloading markupsafe-3.0.3-cp312-cp312-manylinux2014_x86_64.manylinux_2_17_x86_64.manylinux_2_28_x86_64.whl.metadata (2.7 kB)
Downloading torch-2.13.0%2Bcu126-cp312-cp312-manylinux_2_28_x86_64.whl (843.7 MB)
   ━━━━━━━━━━━━━━━━━━━━━━━━━━━━━━━━━━━━━━━━ 843.7/843.7 MB 21.4 MB/s  0:00:21
Downloading triton-3.7.1-cp312-cp312-manylinux_2_27_x86_64.manylinux_2_28_x86_64.whl (197.1 MB)
   ━━━━━━━━━━━━━━━━━━━━━━━━━━━━━━━━━━━━━━━━ 197.1/197.1 MB 39.0 MB/s  0:00:05
Downloading cuda_bindings-12.9.7-cp312-cp312-manylinux_2_24_x86_64.manylinux_2_28_x86_64.whl (7.6 MB)
   ━━━━━━━━━━━━━━━━━━━━━━━━━━━━━━━━━━━━━━━━ 7.6/7.6 MB 24.8 MB/s  0:00:00
Downloading cuda_pathfinder-1.6.0-py3-none-any.whl (54 kB)
Downloading fsspec-2026.7.0-py3-none-any.whl (206 kB)
Downloading networkx-3.6.1-py3-none-any.whl (2.1 MB)
   ━━━━━━━━━━━━━━━━━━━━━━━━━━━━━━━━━━━━━━━━ 2.1/2.1 MB 15.2 MB/s  0:00:00
Downloading sympy-1.14.0-py3-none-any.whl (6.3 MB)
   ━━━━━━━━━━━━━━━━━━━━━━━━━━━━━━━━━━━━━━━━ 6.3/6.3 MB 17.3 MB/s  0:00:00
Using cached mpmath-1.3.0-py3-none-any.whl (536 kB)
Downloading typing_extensions-4.16.0-py3-none-any.whl (45 kB)
Downloading filelock-3.32.3-py3-none-any.whl (98 kB)
Using cached jinja2-3.1.6-py3-none-any.whl (134 kB)
Downloading markupsafe-3.0.3-cp312-cp312-manylinux2014_x86_64.manylinux_2_17_x86_64.manylinux_2_28_x86_64.whl (22 kB)
Installing collected packages: nvidia-cusparselt-cu12, mpmath, cuda-toolkit, typing-extensions, triton, sympy, nvidia-nvtx-cu12, nvidia-nvshmem-cu12, nvidia-nvjitlink-cu12, nvidia-nccl-cu12, nvidia-curand-cu12, nvidia-cufile-cu12, nvidia-cuda-runtime-cu12, nvidia-cuda-nvrtc-cu12, nvidia-cuda-cupti-cu12, nvidia-cublas-cu12, networkx, MarkupSafe, fsspec, filelock, cuda-pathfinder, nvidia-cusparse-cu12, nvidia-cufft-cu12, nvidia-cudnn-cu12, jinja2, cuda-bindings, nvidia-cusolver-cu12, torch

Successfully installed MarkupSafe-3.0.3 cuda-bindings-12.9.7 cuda-pathfinder-1.6.0 cuda-toolkit-12.6.3 filelock-3.32.3 fsspec-2026.7.0 jinja2-3.1.6 mpmath-1.3.0 networkx-3.6.1 nvidia-cublas-cu12-12.6.4.1 nvidia-cuda-cupti-cu12-12.6.80 nvidia-cuda-nvrtc-cu12-12.6.85 nvidia-cuda-runtime-cu12-12.6.77 nvidia-cudnn-cu12-9.10.2.21 nvidia-cufft-cu12-11.3.0.4 nvidia-cufile-cu12-1.11.1.6 nvidia-curand-cu12-10.3.7.77 nvidia-cusolver-cu12-11.7.1.2 nvidia-cusparse-cu12-12.5.4.2 nvidia-cusparselt-cu12-0.7.1 nvidia-nccl-cu12-2.29.3 nvidia-nvjitlink-cu12-12.6.85 nvidia-nvshmem-cu12-3.4.5 nvidia-nvtx-cu12-12.6.77 sympy-1.14.0 torch-2.13.0+cu126 triton-3.7.1 typing-extensions-4.16.0
Obtaining file:///work/pi_zchen2_umassd_edu/hshu/gradflow-a4-20260831T170245Z/repo
  Installing build dependencies: started
  Installing build dependencies: finished with status 'done'
  Checking if build backend supports build_editable: started
  Checking if build backend supports build_editable: finished with status 'done'
  Getting requirements to build editable: started
  Getting requirements to build editable: finished with status 'done'
  Preparing editable metadata (pyproject.toml): started
  Preparing editable metadata (pyproject.toml): finished with status 'done'
Requirement already satisfied: torch>=2.6 in ./venv-pytorch-2.13-cu126/lib/python3.12/site-packages (from gradflow==0.1.0) (2.13.0+cu126)
Collecting h5py>=3.11 (from gradflow==0.1.0)
  Downloading h5py-3.16.0-cp312-cp312-manylinux_2_28_x86_64.whl.metadata (3.0 kB)
Collecting pytest>=8 (from gradflow==0.1.0)
  Downloading pytest-9.1.1-py3-none-any.whl.metadata (7.6 kB)
Collecting numpy>=1.21.2 (from h5py>=3.11->gradflow==0.1.0)
  Downloading numpy-2.5.2-cp312-cp312-manylinux_2_27_x86_64.manylinux_2_28_x86_64.whl.metadata (6.6 kB)
Collecting iniconfig>=1.0.1 (from pytest>=8->gradflow==0.1.0)
  Downloading iniconfig-2.3.0-py3-none-any.whl.metadata (2.5 kB)
Requirement already satisfied: packaging>=22 in ./venv-pytorch-2.13-cu126/lib/python3.12/site-packages (from pytest>=8->gradflow==0.1.0) (26.3)
Collecting pluggy<2,>=1.5 (from pytest>=8->gradflow==0.1.0)
  Downloading pluggy-1.6.0-py3-none-any.whl.metadata (4.8 kB)
Collecting pygments>=2.7.2 (from pytest>=8->gradflow==0.1.0)
  Downloading pygments-2.21.0-py3-none-any.whl.metadata (2.5 kB)
Requirement already satisfied: filelock in ./venv-pytorch-2.13-cu126/lib/python3.12/site-packages (from torch>=2.6->gradflow==0.1.0) (3.32.3)
Requirement already satisfied: typing-extensions>=4.10.0 in ./venv-pytorch-2.13-cu126/lib/python3.12/site-packages (from torch>=2.6->gradflow==0.1.0) (4.16.0)
Requirement already satisfied: setuptools>=77.0.3 in ./venv-pytorch-2.13-cu126/lib/python3.12/site-packages (from torch>=2.6->gradflow==0.1.0) (84.0.0)
Requirement already satisfied: sympy>=1.13.3 in ./venv-pytorch-2.13-cu126/lib/python3.12/site-packages (from torch>=2.6->gradflow==0.1.0) (1.14.0)
Requirement already satisfied: networkx>=2.5.1 in ./venv-pytorch-2.13-cu126/lib/python3.12/site-packages (from torch>=2.6->gradflow==0.1.0) (3.6.1)
Requirement already satisfied: jinja2 in ./venv-pytorch-2.13-cu126/lib/python3.12/site-packages (from torch>=2.6->gradflow==0.1.0) (3.1.6)
Requirement already satisfied: fsspec>=0.8.5 in ./venv-pytorch-2.13-cu126/lib/python3.12/site-packages (from torch>=2.6->gradflow==0.1.0) (2026.7.0)
Requirement already satisfied: cuda-toolkit==12.6.3 in ./venv-pytorch-2.13-cu126/lib/python3.12/site-packages (from cuda-toolkit[cublas,cudart,cufft,cufile,cupti,curand,cusolver,cusparse,nvjitlink,nvrtc,nvtx]==12.6.3; platform_system == "Linux"->torch>=2.6->gradflow==0.1.0) (12.6.3)
Requirement already satisfied: cuda-bindings<13,>=12.9.4 in ./venv-pytorch-2.13-cu126/lib/python3.12/site-packages (from torch>=2.6->gradflow==0.1.0) (12.9.7)
Requirement already satisfied: nvidia-cudnn-cu12==9.10.2.21 in ./venv-pytorch-2.13-cu126/lib/python3.12/site-packages (from torch>=2.6->gradflow==0.1.0) (9.10.2.21)
Requirement already satisfied: nvidia-cusparselt-cu12==0.7.1 in ./venv-pytorch-2.13-cu126/lib/python3.12/site-packages (from torch>=2.6->gradflow==0.1.0) (0.7.1)
Requirement already satisfied: nvidia-nccl-cu12==2.29.3 in ./venv-pytorch-2.13-cu126/lib/python3.12/site-packages (from torch>=2.6->gradflow==0.1.0) (2.29.3)
Requirement already satisfied: nvidia-nvshmem-cu12==3.4.5 in ./venv-pytorch-2.13-cu126/lib/python3.12/site-packages (from torch>=2.6->gradflow==0.1.0) (3.4.5)
Requirement already satisfied: triton==3.7.1 in ./venv-pytorch-2.13-cu126/lib/python3.12/site-packages (from torch>=2.6->gradflow==0.1.0) (3.7.1)
Requirement already satisfied: nvidia-cublas-cu12==12.6.4.1.* in ./venv-pytorch-2.13-cu126/lib/python3.12/site-packages (from cuda-toolkit[cublas,cudart,cufft,cufile,cupti,curand,cusolver,cusparse,nvjitlink,nvrtc,nvtx]==12.6.3; platform_system == "Linux"->torch>=2.6->gradflow==0.1.0) (12.6.4.1)
Requirement already satisfied: nvidia-cuda-runtime-cu12==12.6.77.* in ./venv-pytorch-2.13-cu126/lib/python3.12/site-packages (from cuda-toolkit[cublas,cudart,cufft,cufile,cupti,curand,cusolver,cusparse,nvjitlink,nvrtc,nvtx]==12.6.3; platform_system == "Linux"->torch>=2.6->gradflow==0.1.0) (12.6.77)
Requirement already satisfied: nvidia-cufft-cu12==11.3.0.4.* in ./venv-pytorch-2.13-cu126/lib/python3.12/site-packages (from cuda-toolkit[cublas,cudart,cufft,cufile,cupti,curand,cusolver,cusparse,nvjitlink,nvrtc,nvtx]==12.6.3; platform_system == "Linux"->torch>=2.6->gradflow==0.1.0) (11.3.0.4)
Requirement already satisfied: nvidia-cufile-cu12==1.11.1.6.* in ./venv-pytorch-2.13-cu126/lib/python3.12/site-packages (from cuda-toolkit[cublas,cudart,cufft,cufile,cupti,curand,cusolver,cusparse,nvjitlink,nvrtc,nvtx]==12.6.3; platform_system == "Linux"->torch>=2.6->gradflow==0.1.0) (1.11.1.6)
Requirement already satisfied: nvidia-cuda-cupti-cu12==12.6.80.* in ./venv-pytorch-2.13-cu126/lib/python3.12/site-packages (from cuda-toolkit[cublas,cudart,cufft,cufile,cupti,curand,cusolver,cusparse,nvjitlink,nvrtc,nvtx]==12.6.3; platform_system == "Linux"->torch>=2.6->gradflow==0.1.0) (12.6.80)
Requirement already satisfied: nvidia-curand-cu12==10.3.7.77.* in ./venv-pytorch-2.13-cu126/lib/python3.12/site-packages (from cuda-toolkit[cublas,cudart,cufft,cufile,cupti,curand,cusolver,cusparse,nvjitlink,nvrtc,nvtx]==12.6.3; platform_system == "Linux"->torch>=2.6->gradflow==0.1.0) (10.3.7.77)
Requirement already satisfied: nvidia-cusolver-cu12==11.7.1.2.* in ./venv-pytorch-2.13-cu126/lib/python3.12/site-packages (from cuda-toolkit[cublas,cudart,cufft,cufile,cupti,curand,cusolver,cusparse,nvjitlink,nvrtc,nvtx]==12.6.3; platform_system == "Linux"->torch>=2.6->gradflow==0.1.0) (11.7.1.2)
Requirement already satisfied: nvidia-cusparse-cu12==12.5.4.2.* in ./venv-pytorch-2.13-cu126/lib/python3.12/site-packages (from cuda-toolkit[cublas,cudart,cufft,cufile,cupti,curand,cusolver,cusparse,nvjitlink,nvrtc,nvtx]==12.6.3; platform_system == "Linux"->torch>=2.6->gradflow==0.1.0) (12.5.4.2)
Requirement already satisfied: nvidia-nvjitlink-cu12==12.6.85.* in ./venv-pytorch-2.13-cu126/lib/python3.12/site-packages (from cuda-toolkit[cublas,cudart,cufft,cufile,cupti,curand,cusolver,cusparse,nvjitlink,nvrtc,nvtx]==12.6.3; platform_system == "Linux"->torch>=2.6->gradflow==0.1.0) (12.6.85)
Requirement already satisfied: nvidia-cuda-nvrtc-cu12==12.6.85.* in ./venv-pytorch-2.13-cu126/lib/python3.12/site-packages (from cuda-toolkit[cublas,cudart,cufft,cufile,cupti,curand,cusolver,cusparse,nvjitlink,nvrtc,nvtx]==12.6.3; platform_system == "Linux"->torch>=2.6->gradflow==0.1.0) (12.6.85)
Requirement already satisfied: nvidia-nvtx-cu12==12.6.77.* in ./venv-pytorch-2.13-cu126/lib/python3.12/site-packages (from cuda-toolkit[cublas,cudart,cufft,cufile,cupti,curand,cusolver,cusparse,nvjitlink,nvrtc,nvtx]==12.6.3; platform_system == "Linux"->torch>=2.6->gradflow==0.1.0) (12.6.77)
Requirement already satisfied: cuda-pathfinder~=1.1 in ./venv-pytorch-2.13-cu126/lib/python3.12/site-packages (from cuda-bindings<13,>=12.9.4->torch>=2.6->gradflow==0.1.0) (1.6.0)
Requirement already satisfied: mpmath<1.4,>=1.1.0 in ./venv-pytorch-2.13-cu126/lib/python3.12/site-packages (from sympy>=1.13.3->torch>=2.6->gradflow==0.1.0) (1.3.0)
Requirement already satisfied: MarkupSafe>=2.0 in ./venv-pytorch-2.13-cu126/lib/python3.12/site-packages (from jinja2->torch>=2.6->gradflow==0.1.0) (3.0.3)
Downloading h5py-3.16.0-cp312-cp312-manylinux_2_28_x86_64.whl (5.4 MB)
   ━━━━━━━━━━━━━━━━━━━━━━━━━━━━━━━━━━━━━━━━ 5.4/5.4 MB 24.9 MB/s  0:00:00
Downloading numpy-2.5.2-cp312-cp312-manylinux_2_27_x86_64.manylinux_2_28_x86_64.whl (16.7 MB)
   ━━━━━━━━━━━━━━━━━━━━━━━━━━━━━━━━━━━━━━━━ 16.7/16.7 MB 26.6 MB/s  0:00:00
Downloading pytest-9.1.1-py3-none-any.whl (386 kB)
Downloading pluggy-1.6.0-py3-none-any.whl (20 kB)
Downloading iniconfig-2.3.0-py3-none-any.whl (7.5 kB)
Downloading pygments-2.21.0-py3-none-any.whl (1.3 MB)
   ━━━━━━━━━━━━━━━━━━━━━━━━━━━━━━━━━━━━━━━━ 1.3/1.3 MB 12.9 MB/s  0:00:00
Building wheels for collected packages: gradflow
  Building editable for gradflow (pyproject.toml): started
  Building editable for gradflow (pyproject.toml): finished with status 'done'
  Created wheel for gradflow: filename=gradflow-0.1.0-0.editable-py3-none-any.whl size=8923 sha256=6ccc7382843b3b602d87e95bab2b19583a279e5230c458bbe56e9173c2ca60eb
  Stored in directory: /tmp/pip-ephem-wheel-cache-9n5xol1b/wheels/ec/62/33/669c5d345468e58dec88594996e3e633baba8315400a9fa10e
Successfully built gradflow
Installing collected packages: pygments, pluggy, numpy, iniconfig, pytest, h5py, gradflow

Successfully installed gradflow-0.1.0 h5py-3.16.0 iniconfig-2.3.0 numpy-2.5.2 pluggy-1.6.0 pygments-2.21.0 pytest-9.1.1
torch=2.13.0+cu126
cuda=12.6
