
 Using CUDA device: 0 NVIDIA GeForce RTX 5070 Ti
-----------------------------------------
 MPI partition and reading input file time: 0.000000
 -----------------------------------------
[1;32mOpenSBLI is starting from the initial condition.
[0mU4C_SAMPLE 0.044380000000000003
U4C_SAMPLE 0.043868999999999998
U4C_SAMPLE 0.044260000000000001
U4C_SAMPLE 0.043459999999999999
U4C_SAMPLE 0.043938999999999999
U4C_SAMPLE 0.044010000000000001
U4C_SAMPLE 0.047480000000000001
U4C_SAMPLE 0.044769999999999997
U4C_SAMPLE 0.044039000000000002
U4C_SAMPLE 0.043970000000000002
U4C_SAMPLE 0.044949999999999997
U4C_SAMPLE 0.044289000000000002
U4C_SAMPLE 0.043529999999999999
U4C_SAMPLE 0.039789999999999999
U4C_SAMPLE 0.044260000000000001
U4C_SAMPLE 0.043938999999999999
U4C_SAMPLE 0.043889999999999998
U4C_SAMPLE 0.047489999999999997
U4C_SAMPLE 0.043810000000000002
U4C_SAMPLE 0.043508999999999999
U4C_CHECKSUM -1.6143530956469476e-11
